TC_LOAD_001 | Passed | Load & Latency Baseline Response Latency workflow verification - Scenario #1
TC_LOAD_002 | Passed | Load & Latency Baseline Response Latency smoke verification - Scenario #2
TC_LOAD_003 | Passed | Load & Latency Baseline Response Latency boundary verification - Scenario #3
TC_LOAD_004 | Passed | Load & Latency Baseline Response Latency negative-path verification - Scenario #4
TC_LOAD_005 | Passed | Load & Latency Baseline Response Latency workflow verification - Scenario #5
TC_LOAD_006 | Passed | Load & Latency Baseline Response Latency boundary verification - Scenario #6
TC_LOAD_007 | Passed | Load & Latency Baseline Response Latency workflow verification - Scenario #7
TC_LOAD_008 | Passed | Load & Latency Baseline Response Latency negative-path verification - Scenario #8
TC_LOAD_009 | Passed | Load & Latency Baseline Response Latency boundary verification - Scenario #9
TC_LOAD_010 | Passed | Load & Latency Baseline Response Latency smoke verification - Scenario #10
TC_LOAD_011 | Passed | Load & Latency Baseline Response Latency workflow verification - Scenario #11
TC_LOAD_012 | Passed | Load & Latency Baseline Response Latency negative-path verification - Scenario #12
TC_LOAD_013 | Passed | Load & Latency Baseline Response Latency workflow verification - Scenario #13
TC_LOAD_014 | Passed | Load & Latency Baseline Response Latency smoke verification - Scenario #14
TC_LOAD_015 | Passed | Load & Latency Baseline Response Latency boundary verification - Scenario #15
TC_LOAD_016 | Passed | Load & Latency Baseline Response Latency negative-path verification - Scenario #16
TC_LOAD_017 | Passed | Load & Latency Baseline Response Latency workflow verification - Scenario #17
TC_LOAD_018 | Passed | Load & Latency Baseline Response Latency boundary verification - Scenario #18
TC_LOAD_019 | Passed | Load & Latency Baseline Response Latency workflow verification - Scenario #19
TC_LOAD_020 | Passed | Load & Latency Baseline Response Latency negative-path verification - Scenario #20
TC_LOAD_021 | Passed | Load & Latency Baseline Response Latency boundary verification - Scenario #21
TC_LOAD_022 | Passed | Load & Latency Baseline Response Latency smoke verification - Scenario #22
TC_LOAD_023 | Passed | Load & Latency Baseline Response Latency workflow verification - Scenario #23
TC_LOAD_024 | Passed | Load & Latency Baseline Response Latency negative-path verification - Scenario #24
TC_LOAD_025 | Passed | Load & Latency Baseline Response Latency workflow verification - Scenario #25
TC_LOAD_026 | Passed | Load & Latency Baseline Response Latency smoke verification - Scenario #26
TC_LOAD_027 | Passed | Load & Latency Baseline Response Latency boundary verification - Scenario #27
TC_LOAD_028 | Passed | Load & Latency Baseline Response Latency negative-path verification - Scenario #28
TC_LOAD_029 | Passed | Load & Latency Baseline Response Latency workflow verification - Scenario #29
TC_LOAD_030 | Passed | Load & Latency Baseline Response Latency boundary verification - Scenario #30
TC_LOAD_031 | Passed | Load & Latency Baseline Response Latency workflow verification - Scenario #31
TC_LOAD_032 | Passed | Load & Latency Baseline Response Latency negative-path verification - Scenario #32
TC_LOAD_033 | Passed | Load & Latency Baseline Response Latency boundary verification - Scenario #33
TC_LOAD_034 | Passed | Load & Latency Baseline Response Latency smoke verification - Scenario #34
TC_LOAD_035 | Passed | Load & Latency Baseline Response Latency workflow verification - Scenario #35
TC_LOAD_036 | Passed | Load & Latency Baseline Response Latency negative-path verification - Scenario #36
TC_LOAD_037 | Passed | Load & Latency Baseline Response Latency workflow verification - Scenario #37
TC_LOAD_038 | Passed | Load & Latency Baseline Response Latency smoke verification - Scenario #38
TC_LOAD_039 | Passed | Load & Latency Baseline Response Latency boundary verification - Scenario #39
TC_LOAD_040 | Passed | Load & Latency Baseline Response Latency negative-path verification - Scenario #40
TC_LOAD_041 | Passed | Load & Latency Baseline Response Latency workflow verification - Scenario #41
TC_LOAD_042 | Passed | Load & Latency Baseline Response Latency boundary verification - Scenario #42
TC_LOAD_043 | Passed | Load & Latency Baseline Response Latency workflow verification - Scenario #43
TC_LOAD_044 | Passed | Load & Latency Baseline Response Latency negative-path verification - Scenario #44
TC_LOAD_045 | Passed | Load & Latency Baseline Response Latency boundary verification - Scenario #45
TC_LOAD_046 | Passed | Load & Latency Baseline Response Latency smoke verification - Scenario #46
TC_LOAD_047 | Passed | Load & Latency Baseline Response Latency workflow verification - Scenario #47
TC_LOAD_048 | Passed | Load & Latency Baseline Response Latency negative-path verification - Scenario #48
TC_LOAD_049 | Passed | Load & Latency Baseline Response Latency workflow verification - Scenario #49
TC_LOAD_050 | Passed | Load & Latency Baseline Response Latency smoke verification - Scenario #50
TC_LOAD_051 | Passed | Load & Latency Concurrence & Ramp Up workflow verification - Scenario #51
TC_LOAD_052 | Passed | Load & Latency Concurrence & Ramp Up smoke verification - Scenario #52
TC_LOAD_053 | Passed | Load & Latency Concurrence & Ramp Up boundary verification - Scenario #53
TC_LOAD_054 | Passed | Load & Latency Concurrence & Ramp Up negative-path verification - Scenario #54
TC_LOAD_055 | Passed | Load & Latency Concurrence & Ramp Up workflow verification - Scenario #55
TC_LOAD_056 | Passed | Load & Latency Concurrence & Ramp Up boundary verification - Scenario #56
TC_LOAD_057 | Passed | Load & Latency Concurrence & Ramp Up workflow verification - Scenario #57
TC_LOAD_058 | Passed | Load & Latency Concurrence & Ramp Up negative-path verification - Scenario #58
TC_LOAD_059 | Passed | Load & Latency Concurrence & Ramp Up boundary verification - Scenario #59
TC_LOAD_060 | Passed | Load & Latency Concurrence & Ramp Up smoke verification - Scenario #60
TC_LOAD_061 | Passed | Load & Latency Concurrence & Ramp Up workflow verification - Scenario #61
TC_LOAD_062 | Passed | Load & Latency Concurrence & Ramp Up negative-path verification - Scenario #62
TC_LOAD_063 | Passed | Load & Latency Concurrence & Ramp Up workflow verification - Scenario #63
TC_LOAD_064 | Passed | Load & Latency Concurrence & Ramp Up smoke verification - Scenario #64
TC_LOAD_065 | Passed | Load & Latency Concurrence & Ramp Up boundary verification - Scenario #65
TC_LOAD_066 | Passed | Load & Latency Concurrence & Ramp Up negative-path verification - Scenario #66
TC_LOAD_067 | Passed | Load & Latency Concurrence & Ramp Up workflow verification - Scenario #67
TC_LOAD_068 | Passed | Load & Latency Concurrence & Ramp Up boundary verification - Scenario #68
TC_LOAD_069 | Passed | Load & Latency Concurrence & Ramp Up workflow verification - Scenario #69
TC_LOAD_070 | Passed | Load & Latency Concurrence & Ramp Up negative-path verification - Scenario #70
TC_LOAD_071 | Passed | Load & Latency Concurrence & Ramp Up boundary verification - Scenario #71
TC_LOAD_072 | Passed | Load & Latency Concurrence & Ramp Up smoke verification - Scenario #72
TC_LOAD_073 | Passed | Load & Latency Concurrence & Ramp Up workflow verification - Scenario #73
TC_LOAD_074 | Passed | Load & Latency Concurrence & Ramp Up negative-path verification - Scenario #74
TC_LOAD_075 | Passed | Load & Latency Concurrence & Ramp Up workflow verification - Scenario #75
TC_LOAD_076 | Passed | Load & Latency Concurrence & Ramp Up smoke verification - Scenario #76
TC_LOAD_077 | Passed | Load & Latency Concurrence & Ramp Up boundary verification - Scenario #77
TC_LOAD_078 | Passed | Load & Latency Concurrence & Ramp Up negative-path verification - Scenario #78
TC_LOAD_079 | Passed | Load & Latency Concurrence & Ramp Up workflow verification - Scenario #79
TC_LOAD_080 | Passed | Load & Latency Concurrence & Ramp Up boundary verification - Scenario #80
TC_LOAD_081 | Passed | Load & Latency Concurrence & Ramp Up workflow verification - Scenario #81
TC_LOAD_082 | Passed | Load & Latency Concurrence & Ramp Up negative-path verification - Scenario #82
TC_LOAD_083 | Passed | Load & Latency Concurrence & Ramp Up boundary verification - Scenario #83
TC_LOAD_084 | Passed | Load & Latency Concurrence & Ramp Up smoke verification - Scenario #84
TC_LOAD_085 | Passed | Load & Latency Concurrence & Ramp Up workflow verification - Scenario #85
TC_LOAD_086 | Passed | Load & Latency Concurrence & Ramp Up negative-path verification - Scenario #86
TC_LOAD_087 | Passed | Load & Latency Concurrence & Ramp Up workflow verification - Scenario #87
TC_LOAD_088 | Passed | Load & Latency Concurrence & Ramp Up smoke verification - Scenario #88
TC_LOAD_089 | Passed | Load & Latency Concurrence & Ramp Up boundary verification - Scenario #89
TC_LOAD_090 | Passed | Load & Latency Concurrence & Ramp Up negative-path verification - Scenario #90
TC_LOAD_091 | Passed | Load & Latency Concurrence & Ramp Up workflow verification - Scenario #91
TC_LOAD_092 | Passed | Load & Latency Concurrence & Ramp Up boundary verification - Scenario #92
TC_LOAD_093 | Passed | Load & Latency Concurrence & Ramp Up workflow verification - Scenario #93
TC_LOAD_094 | Passed | Load & Latency Concurrence & Ramp Up negative-path verification - Scenario #94
TC_LOAD_095 | Passed | Load & Latency Concurrence & Ramp Up boundary verification - Scenario #95
TC_LOAD_096 | Passed | Load & Latency Concurrence & Ramp Up smoke verification - Scenario #96
TC_LOAD_097 | Passed | Load & Latency Concurrence & Ramp Up workflow verification - Scenario #97
TC_LOAD_098 | Passed | Load & Latency Concurrence & Ramp Up negative-path verification - Scenario #98
TC_LOAD_099 | Passed | Load & Latency Concurrence & Ramp Up workflow verification - Scenario #99
TC_LOAD_100 | Passed | Load & Latency Concurrence & Ramp Up smoke verification - Scenario #100
TC_LOAD_101 | Passed | Load & Latency Peak Load & Throughput workflow verification - Scenario #101
TC_LOAD_102 | Passed | Load & Latency Peak Load & Throughput smoke verification - Scenario #102
TC_LOAD_103 | Passed | Load & Latency Peak Load & Throughput boundary verification - Scenario #103
TC_LOAD_104 | Passed | Load & Latency Peak Load & Throughput negative-path verification - Scenario #104
TC_LOAD_105 | Passed | Load & Latency Peak Load & Throughput workflow verification - Scenario #105
TC_LOAD_106 | Passed | Load & Latency Peak Load & Throughput boundary verification - Scenario #106
TC_LOAD_107 | Passed | Load & Latency Peak Load & Throughput workflow verification - Scenario #107
TC_LOAD_108 | Passed | Load & Latency Peak Load & Throughput negative-path verification - Scenario #108
TC_LOAD_109 | Passed | Load & Latency Peak Load & Throughput boundary verification - Scenario #109
TC_LOAD_110 | Passed | Load & Latency Peak Load & Throughput smoke verification - Scenario #110
TC_LOAD_111 | Passed | Load & Latency Peak Load & Throughput workflow verification - Scenario #111
TC_LOAD_112 | Passed | Load & Latency Peak Load & Throughput negative-path verification - Scenario #112
TC_LOAD_113 | Passed | Load & Latency Peak Load & Throughput workflow verification - Scenario #113
TC_LOAD_114 | Passed | Load & Latency Peak Load & Throughput smoke verification - Scenario #114
TC_LOAD_115 | Passed | Load & Latency Peak Load & Throughput boundary verification - Scenario #115
TC_LOAD_116 | Passed | Load & Latency Peak Load & Throughput negative-path verification - Scenario #116
TC_LOAD_117 | Passed | Load & Latency Peak Load & Throughput workflow verification - Scenario #117
TC_LOAD_118 | Passed | Load & Latency Peak Load & Throughput boundary verification - Scenario #118
TC_LOAD_119 | Passed | Load & Latency Peak Load & Throughput workflow verification - Scenario #119
TC_LOAD_120 | Passed | Load & Latency Peak Load & Throughput negative-path verification - Scenario #120
TC_LOAD_121 | Passed | Load & Latency Peak Load & Throughput boundary verification - Scenario #121
TC_LOAD_122 | Passed | Load & Latency Peak Load & Throughput smoke verification - Scenario #122
TC_LOAD_123 | Passed | Load & Latency Peak Load & Throughput workflow verification - Scenario #123
TC_LOAD_124 | Passed | Load & Latency Peak Load & Throughput negative-path verification - Scenario #124
TC_LOAD_125 | Passed | Load & Latency Peak Load & Throughput workflow verification - Scenario #125
TC_LOAD_126 | Passed | Load & Latency Peak Load & Throughput smoke verification - Scenario #126
TC_LOAD_127 | Passed | Load & Latency Peak Load & Throughput boundary verification - Scenario #127
TC_LOAD_128 | Passed | Load & Latency Peak Load & Throughput negative-path verification - Scenario #128
TC_LOAD_129 | Passed | Load & Latency Peak Load & Throughput workflow verification - Scenario #129
TC_LOAD_130 | Passed | Load & Latency Peak Load & Throughput boundary verification - Scenario #130
TC_LOAD_131 | Passed | Load & Latency Peak Load & Throughput workflow verification - Scenario #131
TC_LOAD_132 | Passed | Load & Latency Peak Load & Throughput negative-path verification - Scenario #132
TC_LOAD_133 | Passed | Load & Latency Peak Load & Throughput boundary verification - Scenario #133
TC_LOAD_134 | Passed | Load & Latency Peak Load & Throughput smoke verification - Scenario #134
TC_LOAD_135 | Passed | Load & Latency Peak Load & Throughput workflow verification - Scenario #135
TC_LOAD_136 | Passed | Load & Latency Peak Load & Throughput negative-path verification - Scenario #136
TC_LOAD_137 | Passed | Load & Latency Peak Load & Throughput workflow verification - Scenario #137
TC_LOAD_138 | Passed | Load & Latency Peak Load & Throughput smoke verification - Scenario #138
TC_LOAD_139 | Passed | Load & Latency Peak Load & Throughput boundary verification - Scenario #139
TC_LOAD_140 | Passed | Load & Latency Peak Load & Throughput negative-path verification - Scenario #140
TC_LOAD_141 | Passed | Load & Latency Peak Load & Throughput workflow verification - Scenario #141
TC_LOAD_142 | Passed | Load & Latency Peak Load & Throughput boundary verification - Scenario #142
TC_LOAD_143 | Passed | Load & Latency Peak Load & Throughput workflow verification - Scenario #143
TC_LOAD_144 | Passed | Load & Latency Peak Load & Throughput negative-path verification - Scenario #144
TC_LOAD_145 | Passed | Load & Latency Peak Load & Throughput boundary verification - Scenario #145
TC_LOAD_146 | Passed | Load & Latency Peak Load & Throughput smoke verification - Scenario #146
TC_LOAD_147 | Passed | Load & Latency Peak Load & Throughput workflow verification - Scenario #147
TC_LOAD_148 | Passed | Load & Latency Peak Load & Throughput negative-path verification - Scenario #148
TC_LOAD_149 | Passed | Load & Latency Peak Load & Throughput workflow verification - Scenario #149
TC_LOAD_150 | Passed | Load & Latency Peak Load & Throughput smoke verification - Scenario #150
TC_LOAD_151 | Passed | Load & Latency Spike Traffic Resistance workflow verification - Scenario #151
TC_LOAD_152 | Passed | Load & Latency Spike Traffic Resistance smoke verification - Scenario #152
TC_LOAD_153 | Passed | Load & Latency Spike Traffic Resistance boundary verification - Scenario #153
TC_LOAD_154 | Passed | Load & Latency Spike Traffic Resistance negative-path verification - Scenario #154
TC_LOAD_155 | Passed | Load & Latency Spike Traffic Resistance workflow verification - Scenario #155
TC_LOAD_156 | Passed | Load & Latency Spike Traffic Resistance boundary verification - Scenario #156
TC_LOAD_157 | Passed | Load & Latency Spike Traffic Resistance workflow verification - Scenario #157
TC_LOAD_158 | Passed | Load & Latency Spike Traffic Resistance negative-path verification - Scenario #158
TC_LOAD_159 | Passed | Load & Latency Spike Traffic Resistance boundary verification - Scenario #159
TC_LOAD_160 | Passed | Load & Latency Spike Traffic Resistance smoke verification - Scenario #160
TC_LOAD_161 | Passed | Load & Latency Spike Traffic Resistance workflow verification - Scenario #161
TC_LOAD_162 | Passed | Load & Latency Spike Traffic Resistance negative-path verification - Scenario #162
TC_LOAD_163 | Passed | Load & Latency Spike Traffic Resistance workflow verification - Scenario #163
TC_LOAD_164 | Passed | Load & Latency Spike Traffic Resistance smoke verification - Scenario #164
TC_LOAD_165 | Passed | Load & Latency Spike Traffic Resistance boundary verification - Scenario #165
TC_LOAD_166 | Passed | Load & Latency Spike Traffic Resistance negative-path verification - Scenario #166
TC_LOAD_167 | Passed | Load & Latency Spike Traffic Resistance workflow verification - Scenario #167
TC_LOAD_168 | Passed | Load & Latency Spike Traffic Resistance boundary verification - Scenario #168
TC_LOAD_169 | Passed | Load & Latency Spike Traffic Resistance workflow verification - Scenario #169
TC_LOAD_170 | Passed | Load & Latency Spike Traffic Resistance negative-path verification - Scenario #170
TC_LOAD_171 | Passed | Load & Latency Spike Traffic Resistance boundary verification - Scenario #171
TC_LOAD_172 | Passed | Load & Latency Spike Traffic Resistance smoke verification - Scenario #172
TC_LOAD_173 | Passed | Load & Latency Spike Traffic Resistance workflow verification - Scenario #173
TC_LOAD_174 | Passed | Load & Latency Spike Traffic Resistance negative-path verification - Scenario #174
TC_LOAD_175 | Passed | Load & Latency Spike Traffic Resistance workflow verification - Scenario #175
TC_LOAD_176 | Passed | Load & Latency Spike Traffic Resistance smoke verification - Scenario #176
TC_LOAD_177 | Passed | Load & Latency Spike Traffic Resistance boundary verification - Scenario #177
TC_LOAD_178 | Passed | Load & Latency Spike Traffic Resistance negative-path verification - Scenario #178
TC_LOAD_179 | Passed | Load & Latency Spike Traffic Resistance workflow verification - Scenario #179
TC_LOAD_180 | Passed | Load & Latency Spike Traffic Resistance boundary verification - Scenario #180
TC_LOAD_181 | Passed | Load & Latency Spike Traffic Resistance workflow verification - Scenario #181
TC_LOAD_182 | Passed | Load & Latency Spike Traffic Resistance negative-path verification - Scenario #182
TC_LOAD_183 | Passed | Load & Latency Spike Traffic Resistance boundary verification - Scenario #183
TC_LOAD_184 | Passed | Load & Latency Spike Traffic Resistance smoke verification - Scenario #184
TC_LOAD_185 | Passed | Load & Latency Spike Traffic Resistance workflow verification - Scenario #185
TC_LOAD_186 | Passed | Load & Latency Spike Traffic Resistance negative-path verification - Scenario #186
TC_LOAD_187 | Passed | Load & Latency Spike Traffic Resistance workflow verification - Scenario #187
TC_LOAD_188 | Passed | Load & Latency Spike Traffic Resistance smoke verification - Scenario #188
TC_LOAD_189 | Passed | Load & Latency Spike Traffic Resistance boundary verification - Scenario #189
TC_LOAD_190 | Passed | Load & Latency Spike Traffic Resistance negative-path verification - Scenario #190
TC_LOAD_191 | Passed | Load & Latency Spike Traffic Resistance workflow verification - Scenario #191
TC_LOAD_192 | Passed | Load & Latency Spike Traffic Resistance boundary verification - Scenario #192
TC_LOAD_193 | Passed | Load & Latency Spike Traffic Resistance workflow verification - Scenario #193
TC_LOAD_194 | Passed | Load & Latency Spike Traffic Resistance negative-path verification - Scenario #194
TC_LOAD_195 | Passed | Load & Latency Spike Traffic Resistance boundary verification - Scenario #195
TC_LOAD_196 | Passed | Load & Latency Spike Traffic Resistance smoke verification - Scenario #196
TC_LOAD_197 | Passed | Load & Latency Spike Traffic Resistance workflow verification - Scenario #197
TC_LOAD_198 | Passed | Load & Latency Spike Traffic Resistance negative-path verification - Scenario #198
TC_LOAD_199 | Passed | Load & Latency Spike Traffic Resistance workflow verification - Scenario #199
TC_LOAD_200 | Passed | Load & Latency Spike Traffic Resistance smoke verification - Scenario #200
TC_LOAD_201 | Passed | Load & Latency Stress Threshold Validation workflow verification - Scenario #201
TC_LOAD_202 | Passed | Load & Latency Stress Threshold Validation smoke verification - Scenario #202
TC_LOAD_203 | Passed | Load & Latency Stress Threshold Validation boundary verification - Scenario #203
TC_LOAD_204 | Passed | Load & Latency Stress Threshold Validation negative-path verification - Scenario #204
TC_LOAD_205 | Passed | Load & Latency Stress Threshold Validation workflow verification - Scenario #205
TC_LOAD_206 | Passed | Load & Latency Stress Threshold Validation boundary verification - Scenario #206
TC_LOAD_207 | Passed | Load & Latency Stress Threshold Validation workflow verification - Scenario #207
TC_LOAD_208 | Passed | Load & Latency Stress Threshold Validation negative-path verification - Scenario #208
TC_LOAD_209 | Passed | Load & Latency Stress Threshold Validation boundary verification - Scenario #209
TC_LOAD_210 | Passed | Load & Latency Stress Threshold Validation smoke verification - Scenario #210
TC_LOAD_211 | Passed | Load & Latency Stress Threshold Validation workflow verification - Scenario #211
TC_LOAD_212 | Passed | Load & Latency Stress Threshold Validation negative-path verification - Scenario #212
TC_LOAD_213 | Passed | Load & Latency Stress Threshold Validation workflow verification - Scenario #213
TC_LOAD_214 | Passed | Load & Latency Stress Threshold Validation smoke verification - Scenario #214
TC_LOAD_215 | Passed | Load & Latency Stress Threshold Validation boundary verification - Scenario #215
TC_LOAD_216 | Passed | Load & Latency Stress Threshold Validation negative-path verification - Scenario #216
TC_LOAD_217 | Passed | Load & Latency Stress Threshold Validation workflow verification - Scenario #217
TC_LOAD_218 | Passed | Load & Latency Stress Threshold Validation boundary verification - Scenario #218
TC_LOAD_219 | Passed | Load & Latency Stress Threshold Validation workflow verification - Scenario #219
TC_LOAD_220 | Passed | Load & Latency Stress Threshold Validation negative-path verification - Scenario #220
TC_LOAD_221 | Passed | Load & Latency Stress Threshold Validation boundary verification - Scenario #221
TC_LOAD_222 | Passed | Load & Latency Stress Threshold Validation smoke verification - Scenario #222
TC_LOAD_223 | Passed | Load & Latency Stress Threshold Validation workflow verification - Scenario #223
TC_LOAD_224 | Passed | Load & Latency Stress Threshold Validation negative-path verification - Scenario #224
TC_LOAD_225 | Passed | Load & Latency Stress Threshold Validation workflow verification - Scenario #225
TC_LOAD_226 | Passed | Load & Latency Stress Threshold Validation smoke verification - Scenario #226
TC_LOAD_227 | Passed | Load & Latency Stress Threshold Validation boundary verification - Scenario #227
TC_LOAD_228 | Passed | Load & Latency Stress Threshold Validation negative-path verification - Scenario #228
TC_LOAD_229 | Passed | Load & Latency Stress Threshold Validation workflow verification - Scenario #229
TC_LOAD_230 | Passed | Load & Latency Stress Threshold Validation boundary verification - Scenario #230
TC_LOAD_231 | Passed | Load & Latency Stress Threshold Validation workflow verification - Scenario #231
TC_LOAD_232 | Passed | Load & Latency Stress Threshold Validation negative-path verification - Scenario #232
TC_LOAD_233 | Passed | Load & Latency Stress Threshold Validation boundary verification - Scenario #233
TC_LOAD_234 | Passed | Load & Latency Stress Threshold Validation smoke verification - Scenario #234
TC_LOAD_235 | Passed | Load & Latency Stress Threshold Validation workflow verification - Scenario #235
TC_LOAD_236 | Passed | Load & Latency Stress Threshold Validation negative-path verification - Scenario #236
TC_LOAD_237 | Passed | Load & Latency Stress Threshold Validation workflow verification - Scenario #237
TC_LOAD_238 | Passed | Load & Latency Stress Threshold Validation smoke verification - Scenario #238
TC_LOAD_239 | Passed | Load & Latency Stress Threshold Validation boundary verification - Scenario #239
TC_LOAD_240 | Passed | Load & Latency Stress Threshold Validation negative-path verification - Scenario #240
TC_LOAD_241 | Passed | Load & Latency Stress Threshold Validation workflow verification - Scenario #241
TC_LOAD_242 | Passed | Load & Latency Stress Threshold Validation boundary verification - Scenario #242
TC_LOAD_243 | Passed | Load & Latency Stress Threshold Validation workflow verification - Scenario #243
TC_LOAD_244 | Passed | Load & Latency Stress Threshold Validation negative-path verification - Scenario #244
TC_LOAD_245 | Passed | Load & Latency Stress Threshold Validation boundary verification - Scenario #245
TC_LOAD_246 | Passed | Load & Latency Stress Threshold Validation smoke verification - Scenario #246
TC_LOAD_247 | Passed | Load & Latency Stress Threshold Validation workflow verification - Scenario #247
TC_LOAD_248 | Passed | Load & Latency Stress Threshold Validation negative-path verification - Scenario #248
TC_LOAD_249 | Passed | Load & Latency Stress Threshold Validation workflow verification - Scenario #249
TC_LOAD_250 | Passed | Load & Latency Stress Threshold Validation smoke verification - Scenario #250
TC_LOAD_251 | Passed | Load & Latency Endurance & Memory Leak Check workflow verification - Scenario #251
TC_LOAD_252 | Passed | Load & Latency Endurance & Memory Leak Check smoke verification - Scenario #252
TC_LOAD_253 | Passed | Load & Latency Endurance & Memory Leak Check boundary verification - Scenario #253
TC_LOAD_254 | Passed | Load & Latency Endurance & Memory Leak Check negative-path verification - Scenario #254
TC_LOAD_255 | Passed | Load & Latency Endurance & Memory Leak Check workflow verification - Scenario #255
TC_LOAD_256 | Passed | Load & Latency Endurance & Memory Leak Check boundary verification - Scenario #256
TC_LOAD_257 | Passed | Load & Latency Endurance & Memory Leak Check workflow verification - Scenario #257
TC_LOAD_258 | Passed | Load & Latency Endurance & Memory Leak Check negative-path verification - Scenario #258
TC_LOAD_259 | Passed | Load & Latency Endurance & Memory Leak Check boundary verification - Scenario #259
TC_LOAD_260 | Passed | Load & Latency Endurance & Memory Leak Check smoke verification - Scenario #260
TC_LOAD_261 | Passed | Load & Latency Endurance & Memory Leak Check workflow verification - Scenario #261
TC_LOAD_262 | Passed | Load & Latency Endurance & Memory Leak Check negative-path verification - Scenario #262
TC_LOAD_263 | Passed | Load & Latency Endurance & Memory Leak Check workflow verification - Scenario #263
TC_LOAD_264 | Passed | Load & Latency Endurance & Memory Leak Check smoke verification - Scenario #264
TC_LOAD_265 | Passed | Load & Latency Endurance & Memory Leak Check boundary verification - Scenario #265
TC_LOAD_266 | Passed | Load & Latency Endurance & Memory Leak Check negative-path verification - Scenario #266
TC_LOAD_267 | Passed | Load & Latency Endurance & Memory Leak Check workflow verification - Scenario #267
TC_LOAD_268 | Passed | Load & Latency Endurance & Memory Leak Check boundary verification - Scenario #268
TC_LOAD_269 | Passed | Load & Latency Endurance & Memory Leak Check workflow verification - Scenario #269
TC_LOAD_270 | Passed | Load & Latency Endurance & Memory Leak Check negative-path verification - Scenario #270
TC_LOAD_271 | Passed | Load & Latency Endurance & Memory Leak Check boundary verification - Scenario #271
TC_LOAD_272 | Passed | Load & Latency Endurance & Memory Leak Check smoke verification - Scenario #272
TC_LOAD_273 | Passed | Load & Latency Endurance & Memory Leak Check workflow verification - Scenario #273
TC_LOAD_274 | Passed | Load & Latency Endurance & Memory Leak Check negative-path verification - Scenario #274
TC_LOAD_275 | Passed | Load & Latency Endurance & Memory Leak Check workflow verification - Scenario #275
TC_LOAD_276 | Passed | Load & Latency Endurance & Memory Leak Check smoke verification - Scenario #276
TC_LOAD_277 | Passed | Load & Latency Endurance & Memory Leak Check boundary verification - Scenario #277
TC_LOAD_278 | Passed | Load & Latency Endurance & Memory Leak Check negative-path verification - Scenario #278
TC_LOAD_279 | Passed | Load & Latency Endurance & Memory Leak Check workflow verification - Scenario #279
TC_LOAD_280 | Passed | Load & Latency Endurance & Memory Leak Check boundary verification - Scenario #280
TC_LOAD_281 | Passed | Load & Latency Endurance & Memory Leak Check workflow verification - Scenario #281
TC_LOAD_282 | Passed | Load & Latency Endurance & Memory Leak Check negative-path verification - Scenario #282
TC_LOAD_283 | Passed | Load & Latency Endurance & Memory Leak Check boundary verification - Scenario #283
TC_LOAD_284 | Passed | Load & Latency Endurance & Memory Leak Check smoke verification - Scenario #284
TC_LOAD_285 | Passed | Load & Latency Endurance & Memory Leak Check workflow verification - Scenario #285
TC_LOAD_286 | Passed | Load & Latency Endurance & Memory Leak Check negative-path verification - Scenario #286
TC_LOAD_287 | Passed | Load & Latency Endurance & Memory Leak Check workflow verification - Scenario #287
TC_LOAD_288 | Passed | Load & Latency Endurance & Memory Leak Check smoke verification - Scenario #288
TC_LOAD_289 | Passed | Load & Latency Endurance & Memory Leak Check boundary verification - Scenario #289
TC_LOAD_290 | Passed | Load & Latency Endurance & Memory Leak Check negative-path verification - Scenario #290
TC_LOAD_291 | Passed | Load & Latency Endurance & Memory Leak Check workflow verification - Scenario #291
TC_LOAD_292 | Passed | Load & Latency Endurance & Memory Leak Check boundary verification - Scenario #292
TC_LOAD_293 | Passed | Load & Latency Endurance & Memory Leak Check workflow verification - Scenario #293
TC_LOAD_294 | Passed | Load & Latency Endurance & Memory Leak Check negative-path verification - Scenario #294
TC_LOAD_295 | Passed | Load & Latency Endurance & Memory Leak Check boundary verification - Scenario #295
TC_LOAD_296 | Passed | Load & Latency Endurance & Memory Leak Check smoke verification - Scenario #296
TC_LOAD_297 | Passed | Load & Latency Endurance & Memory Leak Check workflow verification - Scenario #297
TC_LOAD_298 | Passed | Load & Latency Endurance & Memory Leak Check negative-path verification - Scenario #298
TC_LOAD_299 | Passed | Load & Latency Endurance & Memory Leak Check workflow verification - Scenario #299
TC_LOAD_300 | Passed | Load & Latency Endurance & Memory Leak Check smoke verification - Scenario #300